Microchip MPLAB XC8 Compiler V2.10 ()

Linker command line:

-W-3 --edf=C:\Program Files (x86)\Microchip\xc8\v2.10\pic\dat\en_msgs.txt \
  -cs -h+dist/default/production\microwave.X.production.sym \
  --cmf=dist/default/production\microwave.X.production.cmf -z -Q16F877A \
  -oC:\Users\ASMAAH~1\AppData\Local\Temp\s6rk.2 --defsym=__MPLAB_BUILD=1 \
  -Mdist/default/production/microwave.X.production.map -E1 -ver=XC8 \
  --acfsm=1493 -ASTACK=0110h-016Fh -pstack=STACK -ACODE=00h-07FFhx4 \
  -ASTRCODE=00h-01FFFh -ASTRING=00h-0FFhx32 -ACONST=00h-0FFhx32 \
  -AENTRY=00h-0FFhx32 -ACOMMON=070h-07Fh -ABANK0=020h-06Fh \
  -ABANK1=0A0h-0EFh -ABANK2=0110h-016Fh -ABANK3=0190h-01EFh \
  -ARAM=020h-06Fh,0A0h-0EFh,0110h-016Fh,0190h-01EFh \
  -AABS1=020h-07Fh,0A0h-0EFh,0110h-016Fh,0190h-01EFh -ASFR0=00h-01Fh \
  -ASFR1=080h-09Fh -ASFR2=0100h-010Fh -ASFR3=0180h-018Fh \
  -preset_vec=00h,intentry=04h,init,end_init -ppowerup=CODE -pcinit=CODE \
  -pfunctab=ENTRY -ACONFIG=02007h-02007h -pconfig=CONFIG -DCONFIG=2 \
  -AIDLOC=02000h-02003h -pidloc=IDLOC -DIDLOC=2 -AEEDATA=00h-0FFh/02100h \
  -peeprom_data=EEDATA -DEEDATA=2 -DCODE=2 -DSTRCODE=2 -DSTRING=2 -DCONST=2 \
  -DENTRY=2 -k C:\Users\ASMAAH~1\AppData\Local\Temp\s6rk.o \
  dist/default/production\microwave.X.production.o 

Object code version is 3.11

Machine type is 16F877A



                Name                               Link     Load   Length Selector   Space Scale
C:\Users\ASMAAH~1\AppData\Local\Temp\s6rk.o
                end_init                             10       10        3        8       0
                reset_vec                             0        0        3        0       0
                config                             2007     2007        1     400E       0
dist/default/production\microwave.X.production.o
                cinit                                13       13       21        8       0
                functab                              34       34        A       68       0
                intentry                              4        4        C        8       0
                text38                              B61      B61       26     16C2       0
                text37                              C02      C02       38     1804       0
                text36                              AD7      AD7        7     15AE       0
                text35                              ACD      ACD        4     159A       0
                text34                              5E7      5E7       E2       7C       0
                text33                              BD5      BD5       2D     17AA       0
                text32                              502      502       E5       7C       0
                text31                              B87      B87       27     170E       0
                text30                              B46      B46       1B     168C       0
                text29                              B30      B30       16     1660       0
                text28                              C76      C76       3D     18EC       0
                text27                              C3A      C3A       3C     1874       0
                text26                              CB3      CB3       3D     1966       0
                text25                              CF0      CF0       3D     19E0       0
                text24                              ADE      ADE        7     15BC       0
                text23                              6C9      6C9       2F       7C       0
                text22                              AFA      AFA        8     15F4       0
                text21                              D2D      D2D       47     1A5A       0
                text20                              D74      D74       49     1AE8       0
                text19                              6F8      6F8        8       7C       0
                text18                              DBD      DBD       5B     1B7A       0
                text17                              AE5      AE5        7     15CA       0
                text16                              E73      E73       69     1CE6       0
                text15                              E18      E18       5B     1C30       0
                text14                              EDC      EDC       8A     1DB8       0
                text13                              7DC      7DC       1F      FB8       0
                text12                              BAE      BAE       27     175C       0
                text11                               3E       3E      288       7C       0
                text10                              41D      41D       E5       7C       0
                text9                               F66      F66       9A     1ECC       0
                text8                               B02      B02        E     1604       0
                text7                               AEC      AEC        7     15D8       0
                text6                               7FB      7FB        4      FB8       0
                text5                               AC9      AC9        2     1592       0
                text4                               B1E      B1E       12     163C       0
                text3                               B10      B10        E     1620       0
                text2                               AF3      AF3        7     15E6       0
                text1                               AD1      AD1        6     15A2       0
                maintext                            2C6      2C6      157       7C       0
                cstackBANK0                          20       20       34       20       1
                cstackCOMMON                         70       70        5       70       1
                dataBANK0                            61       61        2       20       1
                bssBANK0                             54       54        D       20       1
                bssCOMMON                            75       75        4       70       1
                strings                             700      700       DC      E00       0
                idataBANK0                          ACB      ACB        2     1596       0

TOTAL           Name                               Link     Load   Length     Space
        CLASS   STACK          

        CLASS   CODE           
                end_init                             10       10        3         0
                cinit                                13       13       21         0
                intentry                              4        4        C         0
                reset_vec                             0        0        3         0
                text38                              B61      B61       26         0
                text37                              C02      C02       38         0
                text36                              AD7      AD7        7         0
                text35                              ACD      ACD        4         0
                text34                              5E7      5E7       E2         0
                text33                              BD5      BD5       2D         0
                text32                              502      502       E5         0
                text31                              B87      B87       27         0
                text30                              B46      B46       1B         0
                text29                              B30      B30       16         0
                text28                              C76      C76       3D         0
                text27                              C3A      C3A       3C         0
                text26                              CB3      CB3       3D         0
                text25                              CF0      CF0       3D         0
                text24                              ADE      ADE        7         0
                text23                              6C9      6C9       2F         0
                text22                              AFA      AFA        8         0
                text21                              D2D      D2D       47         0
                text20                              D74      D74       49         0
                text19                              6F8      6F8        8         0
                text18                              DBD      DBD       5B         0
                text17                              AE5      AE5        7         0
                text16                              E73      E73       69         0
                text15                              E18      E18       5B         0
                text14                              EDC      EDC       8A         0
                text13                              7DC      7DC       1F         0
                text12                              BAE      BAE       27         0
                text11                               3E       3E      288         0
                text10                              41D      41D       E5         0
                text9                               F66      F66       9A         0
                text8                               B02      B02        E         0
                text7                               AEC      AEC        7         0
                text6                               7FB      7FB        4         0
                text5                               AC9      AC9        2         0
                text4                               B1E      B1E       12         0
                text3                               B10      B10        E         0
                text2                               AF3      AF3        7         0
                text1                               AD1      AD1        6         0
                maintext                            2C6      2C6      157         0
                idataBANK0                          ACB      ACB        2         0

        CLASS   STRCODE        

        CLASS   STRING         
                strings                             700      700       DC         0

        CLASS   CONST          

        CLASS   ENTRY          
                functab                              34       34        A         0

        CLASS   COMMON         
                cstackCOMMON                         70       70        5         1
                bssCOMMON                            75       75        4         1

        CLASS   BANK0          
                cstackBANK0                          20       20       34         1
                dataBANK0                            61       61        2         1
                bssBANK0                             54       54        D         1

        CLASS   BANK1          

        CLASS   BANK2          

        CLASS   BANK3          

        CLASS   RAM            

        CLASS   ABS1           
                abs_s1                               7E       7E        2         1

        CLASS   SFR0           

        CLASS   SFR1           

        CLASS   SFR2           

        CLASS   SFR3           

        CLASS   CONFIG         
                config                             2007     2007        1         0

        CLASS   IDLOC          

        CLASS   EEDATA         



SEGMENTS        Name                           Load    Length   Top    Selector   Space  Class     Delta

                reset_vec                      000000  000003  000003         0       0  CODE        2
                intentry                       000004  000030  000034         8       0  CODE        2
                cstackBANK0                    000020  000043  000063        20       1  BANK0       1
                functab                        000034  00000A  00003E        68       0  ENTRY       2
                cstackCOMMON                   000070  000009  000079        70       1  COMMON      1
                text11                         00003E  0006C2  000700        7C       0  CODE        2
                strings                        000700  0000DC  0007DC       E00       0  STRING      2
                text13                         0007DC  000023  0007FF       FB8       0  CODE        2
                text5                          000AC9  000002  000ACB      1592       0  CODE        2
                idataBANK0                     000ACB  000002  000ACD      1596       0  CODE        2
                text35                         000ACD  000004  000AD1      159A       0  CODE        2
                text1                          000AD1  000006  000AD7      15A2       0  CODE        2
                text36                         000AD7  000007  000ADE      15AE       0  CODE        2
                text24                         000ADE  000007  000AE5      15BC       0  CODE        2
                text17                         000AE5  000007  000AEC      15CA       0  CODE        2
                text7                          000AEC  000007  000AF3      15D8       0  CODE        2
                text2                          000AF3  000007  000AFA      15E6       0  CODE        2
                text22                         000AFA  000008  000B02      15F4       0  CODE        2
                text8                          000B02  00000E  000B10      1604       0  CODE        2
                text3                          000B10  00000E  000B1E      1620       0  CODE        2
                text4                          000B1E  000012  000B30      163C       0  CODE        2
                text29                         000B30  000016  000B46      1660       0  CODE        2
                text30                         000B46  00001B  000B61      168C       0  CODE        2
                text38                         000B61  000026  000B87      16C2       0  CODE        2
                text31                         000B87  000027  000BAE      170E       0  CODE        2
                text12                         000BAE  000027  000BD5      175C       0  CODE        2
                text33                         000BD5  00002D  000C02      17AA       0  CODE        2
                text37                         000C02  000038  000C3A      1804       0  CODE        2
                text27                         000C3A  00003C  000C76      1874       0  CODE        2
                text28                         000C76  00003D  000CB3      18EC       0  CODE        2
                text26                         000CB3  00003D  000CF0      1966       0  CODE        2
                text25                         000CF0  00003D  000D2D      19E0       0  CODE        2
                text21                         000D2D  000047  000D74      1A5A       0  CODE        2
                text20                         000D74  000049  000DBD      1AE8       0  CODE        2
                text18                         000DBD  00005B  000E18      1B7A       0  CODE        2
                text15                         000E18  00005B  000E73      1C30       0  CODE        2
                text16                         000E73  000069  000EDC      1CE6       0  CODE        2
                text14                         000EDC  00008A  000F66      1DB8       0  CODE        2
                text9                          000F66  00009A  001000      1ECC       0  CODE        2
                config                         002007  000001  002008      400E       0  CONFIG      2


UNUSED ADDRESS RANGES

        Name                Unused          Largest block    Delta
        BANK0            0063-006F              D           1
        BANK1            00A0-00EF             50           1
        BANK2            0110-016F             60           1
        BANK3            0190-01EF             60           1
        CODE             0003-0003              1           2
                         07FF-0AC8              1
                         1000-1FFF            800
        COMMON           0079-007D              5           1
        CONST            0003-0003              1           2
                         07FF-0AC8            100
                         1000-1FFF            100
        EEDATA           2100-21FF            100           2
        ENTRY            0003-0003              1           2
                         07FF-0AC8            100
                         1000-1FFF            100
        IDLOC            2000-2003              4           2
        RAM              0063-006F              D           1
                         00A0-00EF             50
                         0110-016F             60
                         0190-01EF             60
        SFR0             0000-001F             20           1
        SFR1             0080-009F             20           1
        SFR2             0100-010F             10           1
        SFR3             0180-018F             10           1
        STACK            0110-016F             60           1
        STRCODE          0003-0003              1           2
                         07FF-0AC8            2CA
                         1000-1FFF           1000
        STRING           0003-0003              1           2
                         07FF-0AC8            100
                         1000-1FFF            100

                                  Symbol Table

?___awdiv                             cstackBANK0  0020
?___awmod                             cstackBANK0  0020
?___wmul                              cstackBANK0  0020
LCD_displayCharacter@ch               cstackBANK0  0024
LCD_displayString@i                   cstackBANK0  0028
LCD_displayString@str                 cstackBANK0  0025
LCD_displayStringOnRowColum@colum     cstackBANK0  002A
LCD_displayStringOnRowColum@row       cstackBANK0  002D
LCD_displayStringOnRowColum@str       cstackBANK0  002B
LCD_goToRowColum@Address              cstackBANK0  0029
LCD_goToRowColum@colum                cstackBANK0  0025
LCD_goToRowColum@row                  cstackBANK0  0028
LCD_intgerToString@buff               cstackBANK0  0037
LCD_intgerToString@data               cstackBANK0  0034
LCD_sendCommand@commond               cstackBANK0  0024
TIMER0_Call_Back@ptr                  cstackBANK0  0021
TIMER0_init@data                      cstackBANK0  0022
_ADCON1                               (abs)        009F
_CCP1_CalL_Back_ptr                   bssCOMMON    0077
_CCP2_CalL_Back_ptr                   bssCOMMON    0076
_Call_Back_OVFI                       text38       0B61
_FAN_OFF                              text36       0AD7
_FAN_ON                               text35       0ACD
_ISR                                  text37       0C02
_LCD_clear_screen                     text17       0AE5
_LCD_displayCharacter                 text34       05E7
_LCD_displayString                    text33       0BD5
_LCD_displayStringOnRowColum          text30       0B46
_LCD_goToRowColum                     text31       0B87
_LCD_init                             text29       0B30
_LCD_intgerToString                   text13       07DC
_LCD_sendCommand                      text32       0502
_TIMER0_CalL_Back_ptr                 bssCOMMON    0078
_TIMER0_Call_Back                     text22       0AFA
_TIMER0_init                          text21       0D2D
__CFG_BOREN$ON                        (abs)        0000
__CFG_CP$OFF                          (abs)        0000
__CFG_CPD$OFF                         (abs)        0000
__CFG_FOSC$HS                         (abs)        0000
__CFG_LVP$OFF                         (abs)        0000
__CFG_PWRTE$OFF                       (abs)        0000
__CFG_WDTE$OFF                        (abs)        0000
__CFG_WRT$OFF                         (abs)        0000
__Habs1                               abs1         0000
__Hbank0                              bank0        0000
__Hbank1                              bank1        0000
__Hbank2                              bank2        0000
__Hbank3                              bank3        0000
__HbssBANK0                           bssBANK0     0000
__HbssCOMMON                          bssCOMMON    0000
__Hcinit                              cinit        0034
__Hclrtext                            clrtext      0000
__Hcode                               code         0000
__Hcommon                             common       0000
__Hconfig                             config       2008
__HcstackBANK0                        cstackBANK0  0000
__HcstackCOMMON                       cstackCOMMON 0000
__HdataBANK0                          dataBANK0    0000
__Heeprom_data                        eeprom_data  0000
__Hend_init                           end_init     0013
__Hfunctab                            functab      003E
__HidataBANK0                         idataBANK0   0000
__Hidloc                              idloc        0000
__Hinit                               init         0010
__Hintentry                           intentry     0010
__Hmaintext                           maintext     0000
__Hpowerup                            powerup      0000
__Hram                                ram          0000
__Hreset_vec                          reset_vec    0003
__Hsfr0                               sfr0         0000
__Hsfr1                               sfr1         0000
__Hsfr2                               sfr2         0000
__Hsfr3                               sfr3         0000
__Hspace_0                            (abs)        2008
__Hspace_1                            (abs)        0079
__Hspace_2                            (abs)        0000
__Hspace_3                            (abs)        0000
__Hstack                              stack        0000
__Hstrings                            strings      0000
__Htext                               text         0000
__Labs1                               abs1         0000
__Lbank0                              bank0        0000
__Lbank1                              bank1        0000
__Lbank2                              bank2        0000
__Lbank3                              bank3        0000
__LbssBANK0                           bssBANK0     0000
__LbssCOMMON                          bssCOMMON    0000
__Lcinit                              cinit        0013
__Lclrtext                            clrtext      0000
__Lcode                               code         0000
__Lcommon                             common       0000
__Lconfig                             config       2007
__LcstackBANK0                        cstackBANK0  0000
__LcstackCOMMON                       cstackCOMMON 0000
__LdataBANK0                          dataBANK0    0000
__Leeprom_data                        eeprom_data  0000
__Lend_init                           end_init     0010
__Lfunctab                            functab      0034
__LidataBANK0                         idataBANK0   0000
__Lidloc                              idloc        0000
__Linit                               init         0010
__Lintentry                           intentry     0004
__Lmaintext                           maintext     0000
__Lpowerup                            powerup      0000
__Lram                                ram          0000
__Lreset_vec                          reset_vec    0000
__Lsfr0                               sfr0         0000
__Lsfr1                               sfr1         0000
__Lsfr2                               sfr2         0000
__Lsfr3                               sfr3         0000
__Lspace_0                            (abs)        0000
__Lspace_1                            (abs)        0000
__Lspace_2                            (abs)        0000
__Lspace_3                            (abs)        0000
__Lstack                              stack        0000
__Lstrings                            strings      0000
__Ltext                               text         0000
__S0                                  (abs)        2008
__S1                                  (abs)        0079
__S2                                  (abs)        0000
__S3                                  (abs)        0000
___awdiv                              text16       0E73
___awdiv@counter                      cstackBANK0  0025
___awdiv@dividend                     cstackBANK0  0022
___awdiv@divisor                      cstackBANK0  0020
___awdiv@quotient                     cstackBANK0  0027
___awdiv@sign                         cstackBANK0  0026
___awmod                              text15       0E18
___awmod@counter                      cstackBANK0  0025
___awmod@dividend                     cstackBANK0  0022
___awmod@divisor                      cstackBANK0  0020
___awmod@sign                         cstackBANK0  0026
___int_sp                             stack        0000
___latbits                            (abs)        0002
___sp                                 stack        0000
___stackhi                            (abs)        0000
___stacklo                            (abs)        0000
___wmul                               text12       0BAE
___wmul@multiplicand                  cstackBANK0  0022
___wmul@multiplier                    cstackBANK0  0020
___wmul@product                       cstackBANK0  0024
__end_of_Call_Back_OVFI               text38       0B87
__end_of_FAN_OFF                      text36       0ADE
__end_of_FAN_ON                       text35       0AD1
__end_of_ISR                          text37       0C3A
__end_of_LCD_clear_screen             text17       0AEC
__end_of_LCD_displayCharacter         text34       06C9
__end_of_LCD_displayString            text33       0C02
__end_of_LCD_displayStringOnRowColum  text30       0B61
__end_of_LCD_goToRowColum             text31       0BAE
__end_of_LCD_init                     text29       0B46
__end_of_LCD_intgerToString           text13       07FB
__end_of_LCD_sendCommand              text32       05E7
__end_of_TIMER0_Call_Back             text22       0B02
__end_of_TIMER0_init                  text21       0D74
__end_of___awdiv                      text16       0EDC
__end_of___awmod                      text15       0E73
__end_of___wmul                       text12       0BD5
__end_of__i1fptable                   functab      003E
__end_of__initialization              cinit        0030
__end_of__stringtab                   strings      0710
__end_of_door_is_close                text28       0CB3
__end_of_door_is_open                 text27       0C76
__end_of_foodIsInMicro                text26       0CF0
__end_of_foodOutMicro                 text25       0D2D
__end_of_global_INT_disable           text2        0AFA
__end_of_global_INT_enable            text5        0ACB
__end_of_heat_off                     text24       0AE5
__end_of_heat_on                      text23       06F8
__end_of_itoa                         text14       0F66
__end_of_key_pressed                  text11       02C6
__end_of_keypad                       strings      071C
__end_of_keypad_init                  text20       0DBD
__end_of_main                         maintext     041D
__end_of_microWave_init               text18       0E18
__end_of_scan_minutes                 text10       0502
__end_of_set_T0DR                     text19       0700
__end_of_show_remaining_time          text9        1000
__end_of_start                        text8        0B10
__end_of_start_LED_OFF                text7        0AF3
__end_of_start_LED_ON                 text6        07FF
__end_of_start_calc_time              text4        0B30
__end_of_stop                         text3        0B1E
__end_of_stop_cal_time                text1        0AD7
__i1fptable                           functab      0035
__initialization                      cinit        0013
__pbssBANK0                           bssBANK0     0054
__pbssCOMMON                          bssCOMMON    0075
__pcstackBANK0                        cstackBANK0  0020
__pcstackCOMMON                       cstackCOMMON 0070
__pdataBANK0                          dataBANK0    0061
__pfunctab                            functab      0034
__pidataBANK0                         idataBANK0   0ACB
__pintentry                           intentry     0004
__pmaintext                           maintext     02C6
__pstrings                            strings      0700
__ptext1                              text1        0AD1
__ptext10                             text10       041D
__ptext11                             text11       003E
__ptext12                             text12       0BAE
__ptext13                             text13       07DC
__ptext14                             text14       0EDC
__ptext15                             text15       0E18
__ptext16                             text16       0E73
__ptext17                             text17       0AE5
__ptext18                             text18       0DBD
__ptext19                             text19       06F8
__ptext2                              text2        0AF3
__ptext20                             text20       0D74
__ptext21                             text21       0D2D
__ptext22                             text22       0AFA
__ptext23                             text23       06C9
__ptext24                             text24       0ADE
__ptext25                             text25       0CF0
__ptext26                             text26       0CB3
__ptext27                             text27       0C3A
__ptext28                             text28       0C76
__ptext29                             text29       0B30
__ptext3                              text3        0B10
__ptext30                             text30       0B46
__ptext31                             text31       0B87
__ptext32                             text32       0502
__ptext33                             text33       0BD5
__ptext34                             text34       05E7
__ptext35                             text35       0ACD
__ptext36                             text36       0AD7
__ptext37                             text37       0C02
__ptext38                             text38       0B61
__ptext4                              text4        0B1E
__ptext5                              text5        0AC9
__ptext6                              text6        07FB
__ptext7                              text7        0AEC
__ptext8                              text8        0B02
__ptext9                              text9        0F66
__size_of_Call_Back_OVFI              (abs)        0000
__size_of_FAN_OFF                     (abs)        0000
__size_of_FAN_ON                      (abs)        0000
__size_of_ISR                         (abs)        0000
__size_of_LCD_clear_screen            (abs)        0000
__size_of_LCD_displayCharacter        (abs)        0000
__size_of_LCD_displayString           (abs)        0000
__size_of_LCD_displayStringOnRowColum (abs)        0000
__size_of_LCD_goToRowColum            (abs)        0000
__size_of_LCD_init                    (abs)        0000
__size_of_LCD_intgerToString          (abs)        0000
__size_of_LCD_sendCommand             (abs)        0000
__size_of_TIMER0_Call_Back            (abs)        0000
__size_of_TIMER0_init                 (abs)        0000
__size_of___awdiv                     (abs)        0000
__size_of___awmod                     (abs)        0000
__size_of___wmul                      (abs)        0000
__size_of__i1fptable                  (abs)        0000
__size_of_door_is_close               (abs)        0000
__size_of_door_is_open                (abs)        0000
__size_of_foodIsInMicro               (abs)        0000
__size_of_foodOutMicro                (abs)        0000
__size_of_global_INT_disable          (abs)        0000
__size_of_global_INT_enable           (abs)        0000
__size_of_heat_off                    (abs)        0000
__size_of_heat_on                     (abs)        0000
__size_of_itoa                        (abs)        0000
__size_of_key_pressed                 (abs)        0000
__size_of_keypad_init                 (abs)        0000
__size_of_main                        (abs)        0000
__size_of_microWave_init              (abs)        0000
__size_of_scan_minutes                (abs)        0000
__size_of_set_T0DR                    (abs)        0000
__size_of_show_remaining_time         (abs)        0000
__size_of_start                       (abs)        0000
__size_of_start_LED_OFF               (abs)        0000
__size_of_start_LED_ON                (abs)        0000
__size_of_start_calc_time             (abs)        0000
__size_of_stop                        (abs)        0000
__size_of_stop_cal_time               (abs)        0000
__stringbase                          strings      070F
__stringtab                           strings      0700
_count                                bssCOMMON    0075
_counter                              bssBANK0     0059
_door_is_close                        text28       0C76
_door_is_open                         text27       0C3A
_finish                               bssBANK0     005F
_foodIsInMicro                        text26       0CB3
_foodOutMicro                         text25       0CF0
_global_INT_disable                   text2        0AF3
_global_INT_enable                    text5        0AC9
_heat_off                             text24       0ADE
_heat_on                              text23       06C9
_itoa                                 text14       0EDC
_key_pressed                          text11       003E
_keypad                               strings      0710
_keypad_init                          text20       0D74
_main                                 maintext     02C6
_microWave_init                       text18       0DBD
_minutes                              bssBANK0     005D
_scan_minutes                         text10       041D
_second                               bssBANK0     0060
_set_T0DR                             text19       06F8
_show_remaining_time                  text9        0F66
_start                                text8        0B02
_start_LED_OFF                        text7        0AEC
_start_LED_ON                         text6        07FB
_start_calc_time                      text4        0B1E
_stop                                 text3        0B10
_stop_cal_time                        text1        0AD1
btemp                                 (abs)        007E
end_of_initialization                 cinit        0030
fpbase                                (abs)        0000
fptable                               functab      0034
fptotal                               (abs)        0000
i1fpbase                              functab      003A
i1fptable                             functab      0035
i1fptotal                             (abs)        0002
interrupt_function                    intentry     0004
intlevel0                             functab      0034
intlevel1                             functab      0034
intlevel2                             functab      0034
intlevel3                             functab      0034
intlevel4                             functab      0034
intlevel5                             functab      0034
itoa@b                                cstackBANK0  002C
itoa@buff                             cstackBANK0  002B
itoa@digits_num                       cstackBANK0  0030
itoa@n                                cstackBANK0  0032
itoa@num                              cstackBANK0  0029
microWave_init@F119                   dataBANK0    0061
microWave_init@data                   cstackBANK0  0027
reset_vec                             reset_vec    0000
saved_w                               (abs)        007E
scan_minutes@digit                    cstackBANK0  004F
scan_minutes@indix_of_digit           cstackBANK0  004E
scan_minutes@minutes_digits           cstackBANK0  0049
set_T0DR@val                          cstackBANK0  0021
start                                 init         0010
start_initialization                  cinit        0013
wtemp0                                (abs)        007E


FUNCTION INFORMATION:

 *************** function _main *****************
 Defined at:
		line 29 in file "main.c"
 Parameters:    Size  Location     Type
		None
 Auto vars:     Size  Location     Type
		None
 Return value:  Size  Location     Type
                  2   52[None  ] int 
 Registers used:
		wreg, fsr0l, fsr0h, status,2, status,0, btemp+1, pclath, cstack
 Tracked objects:
		On entry : 
		On exit  : 
		Unchanged: 
 Data sizes:     COMMON   BANK0   BANK1   BANK3   BANK2
      Params:         0       0       0       0       0
      Locals:         0       0       0       0       0
      Temps:          0       4       0       0       0
      Totals:         0       4       0       0       0
Total ram usage:        4 bytes
 Hardware stack levels required when called:    6
 This function calls:
		_FAN_OFF
		_FAN_ON
		_LCD_clear_screen
		_LCD_displayStringOnRowColum
		_door_is_close
		_door_is_open
		_foodIsInMicro
		_foodOutMicro
		_heat_off
		_heat_on
		_microWave_init
		_scan_minutes
		_show_remaining_time
		_start
		_start_LED_OFF
		_start_LED_ON
		_start_calc_time
		_stop
		_stop_cal_time
 This function is called by:
		Startup code after reset
 This function uses a non-reentrant model


 *************** function _stop_cal_time *****************
 Defined at:
		line 342 in file "microwave.c"
 Parameters:    Size  Location     Type
		None
 Auto vars:     Size  Location     Type
		None
 Return value:  Size  Location     Type
                  1    wreg      void 
 Registers used:
		wreg, status,2, status,0, pclath, cstack
 Tracked objects:
		On entry : 
		On exit  : 
		Unchanged: 
 Data sizes:     COMMON   BANK0   BANK1   BANK3   BANK2
      Params:         0       0       0       0       0
      Locals:         0       0       0       0       0
      Temps:          0       0       0       0       0
      Totals:         0       0       0       0       0
Total ram usage:        0 bytes
 Hardware stack levels used:    1
 Hardware stack levels required when called:    3
 This function calls:
		_global_INT_disable
 This function is called by:
		_main
 This function uses a non-reentrant model


 *************** function _global_INT_disable *****************
 Defined at:
		line 88 in file "interrupt.c"
 Parameters:    Size  Location     Type
		None
 Auto vars:     Size  Location     Type
		None
 Return value:  Size  Location     Type
                  1    wreg      void 
 Registers used:
		wreg, status,2, status,0
 Tracked objects:
		On entry : 
		On exit  : 
		Unchanged: 
 Data sizes:     COMMON   BANK0   BANK1   BANK3   BANK2
      Params:         0       0       0       0       0
      Locals:         0       0       0       0       0
      Temps:          0       1       0       0       0
      Totals:         0       1       0       0       0
Total ram usage:        1 bytes
 Hardware stack levels used:    1
 Hardware stack levels required when called:    2
 This function calls:
		Nothing
 This function is called by:
		_stop_cal_time
 This function uses a non-reentrant model


 *************** function _stop *****************
 Defined at:
		line 101 in file "microwave.c"
 Parameters:    Size  Location     Type
		None
 Auto vars:     Size  Location     Type
		None
 Return value:  Size  Location     Type
                  1    wreg      unsigned char 
 Registers used:
		wreg
 Tracked objects:
		On entry : 
		On exit  : 
		Unchanged: 
 Data sizes:     COMMON   BANK0   BANK1   BANK3   BANK2
      Params:         0       0       0       0       0
      Locals:         0       0       0       0       0
      Temps:          0       0       0       0       0
      Totals:         0       0       0       0       0
Total ram usage:        0 bytes
 Hardware stack levels used:    1
 Hardware stack levels required when called:    2
 This function calls:
		Nothing
 This function is called by:
		_main
 This function uses a non-reentrant model


 *************** function _start_calc_time *****************
 Defined at:
		line 335 in file "microwave.c"
 Parameters:    Size  Location     Type
		None
 Auto vars:     Size  Location     Type
		None
 Return value:  Size  Location     Type
                  1    wreg      void 
 Registers used:
		wreg, status,2, status,0, pclath, cstack
 Tracked objects:
		On entry : 
		On exit  : 
		Unchanged: 
 Data sizes:     COMMON   BANK0   BANK1   BANK3   BANK2
      Params:         0       0       0       0       0
      Locals:         0       0       0       0       0
      Temps:          0       1       0       0       0
      Totals:         0       1       0       0       0
Total ram usage:        1 bytes
 Hardware stack levels used:    1
 Hardware stack levels required when called:    3
 This function calls:
		_global_INT_enable
		_set_T0DR
 This function is called by:
		_main
 This function uses a non-reentrant model


 *************** function _global_INT_enable *****************
 Defined at:
		line 82 in file "interrupt.c"
 Parameters:    Size  Location     Type
		None
 Auto vars:     Size  Location     Type
		None
 Return value:  Size  Location     Type
                  1    wreg      void 
 Registers used:
		None
 Tracked objects:
		On entry : 
		On exit  : 
		Unchanged: 
 Data sizes:     COMMON   BANK0   BANK1   BANK3   BANK2
      Params:         0       0       0       0       0
      Locals:         0       0       0       0       0
      Temps:          0       0       0       0       0
      Totals:         0       0       0       0       0
Total ram usage:        0 bytes
 Hardware stack levels used:    1
 Hardware stack levels required when called:    2
 This function calls:
		Nothing
 This function is called by:
		_start_calc_time
 This function uses a non-reentrant model


 *************** function _start_LED_ON *****************
 Defined at:
		line 114 in file "microwave.c"
 Parameters:    Size  Location     Type
		None
 Auto vars:     Size  Location     Type
		None
 Return value:  Size  Location     Type
                  1    wreg      void 
 Registers used:
		None
 Tracked objects:
		On entry : 
		On exit  : 
		Unchanged: 
 Data sizes:     COMMON   BANK0   BANK1   BANK3   BANK2
      Params:         0       0       0       0       0
      Locals:         0       0       0       0       0
      Temps:          0       0       0       0       0
      Totals:         0       0       0       0       0
Total ram usage:        0 bytes
 Hardware stack levels used:    1
 Hardware stack levels required when called:    2
 This function calls:
		Nothing
 This function is called by:
		_main
 This function uses a non-reentrant model


 *************** function _start_LED_OFF *****************
 Defined at:
		line 119 in file "microwave.c"
 Parameters:    Size  Location     Type
		None
 Auto vars:     Size  Location     Type
		None
 Return value:  Size  Location     Type
                  1    wreg      void 
 Registers used:
		wreg, status,2, status,0
 Tracked objects:
		On entry : 
		On exit  : 
		Unchanged: 
 Data sizes:     COMMON   BANK0   BANK1   BANK3   BANK2
      Params:         0       0       0       0       0
      Locals:         0       0       0       0       0
      Temps:          0       1       0       0       0
      Totals:         0       1       0       0       0
Total ram usage:        1 bytes
 Hardware stack levels used:    1
 Hardware stack levels required when called:    2
 This function calls:
		Nothing
 This function is called by:
		_main
 This function uses a non-reentrant model


 *************** function _start *****************
 Defined at:
		line 88 in file "microwave.c"
 Parameters:    Size  Location     Type
		None
 Auto vars:     Size  Location     Type
		None
 Return value:  Size  Location     Type
                  1    wreg      unsigned char 
 Registers used:
		wreg
 Tracked objects:
		On entry : 
		On exit  : 
		Unchanged: 
 Data sizes:     COMMON   BANK0   BANK1   BANK3   BANK2
      Params:         0       0       0       0       0
      Locals:         0       0       0       0       0
      Temps:          0       0       0       0       0
      Totals:         0       0       0       0       0
Total ram usage:        0 bytes
 Hardware stack levels used:    1
 Hardware stack levels required when called:    2
 This function calls:
		Nothing
 This function is called by:
		_main
 This function uses a non-reentrant model


 *************** function _show_remaining_time *****************
 Defined at:
		line 208 in file "microwave.c"
 Parameters:    Size  Location     Type
		None
 Auto vars:     Size  Location     Type
		None
 Return value:  Size  Location     Type
                  1    wreg      void 
 Registers used:
		wreg, fsr0l, fsr0h, status,2, status,0, btemp+1, pclath, cstack
 Tracked objects:
		On entry : 
		On exit  : 
		Unchanged: 
 Data sizes:     COMMON   BANK0   BANK1   BANK3   BANK2
      Params:         0       0       0       0       0
      Locals:         0       0       0       0       0
      Temps:          0       2       0       0       0
      Totals:         0       2       0       0       0
Total ram usage:        2 bytes
 Hardware stack levels used:    1
 Hardware stack levels required when called:    5
 This function calls:
		_LCD_displayCharacter
		_LCD_goToRowColum
		_LCD_init
		_LCD_intgerToString
 This function is called by:
		_main
 This function uses a non-reentrant model


 *************** function _scan_minutes *****************
 Defined at:
		line 124 in file "microwave.c"
 Parameters:    Size  Location     Type
		None
 Auto vars:     Size  Location     Type
  minutes_digi    5   41[BANK0 ] unsigned char [5]
  digit           1   47[BANK0 ] unsigned char 
  indix_of_dig    1   46[BANK0 ] unsigned char 
 Return value:  Size  Location     Type
                  1    wreg      void 
 Registers used:
		wreg, fsr0l, fsr0h, status,2, status,0, btemp+1, pclath, cstack
 Tracked objects:
		On entry : 
		On exit  : 
		Unchanged: 
 Data sizes:     COMMON   BANK0   BANK1   BANK3   BANK2
      Params:         0       0       0       0       0
      Locals:         0       7       0       0       0
      Temps:          0       2       0       0       0
      Totals:         0       9       0       0       0
Total ram usage:        9 bytes
 Hardware stack levels used:    1
 Hardware stack levels required when called:    5
 This function calls:
		_LCD_clear_screen
		_LCD_displayString
		_LCD_goToRowColum
		_LCD_init
		_LCD_intgerToString
		___wmul
		_key_pressed
 This function is called by:
		_main
 This function uses a non-reentrant model


 *************** function _key_pressed *****************
 Defined at:
		line 19 in file "keypad.c"
 Parameters:    Size  Location     Type
		None
 Auto vars:     Size  Location     Type
		None
 Return value:  Size  Location     Type
                  1    wreg      unsigned char 
 Registers used:
		wreg, fsr0l, fsr0h, status,2, status,0, pclath
 Tracked objects:
		On entry : 
		On exit  : 
		Unchanged: 
 Data sizes:     COMMON   BANK0   BANK1   BANK3   BANK2
      Params:         0       0       0       0       0
      Locals:         0       0       0       0       0
      Temps:          0       4       0       0       0
      Totals:         0       4       0       0       0
Total ram usage:        4 bytes
 Hardware stack levels used:    1
 Hardware stack levels required when called:    2
 This function calls:
		Nothing
 This function is called by:
		_scan_minutes
 This function uses a non-reentrant model


 *************** function ___wmul *****************
 Defined at:
		line 15 in file "C:\Program Files (x86)\Microchip\xc8\v2.10\pic\sources\c90\common\Umul16.c"
 Parameters:    Size  Location     Type
  multiplier      2    0[BANK0 ] unsigned int 
  multiplicand    2    2[BANK0 ] unsigned int 
 Auto vars:     Size  Location     Type
  product         2    4[BANK0 ] unsigned int 
 Return value:  Size  Location     Type
                  2    0[BANK0 ] unsigned int 
 Registers used:
		wreg, status,2, status,0
 Tracked objects:
		On entry : 
		On exit  : 
		Unchanged: 
 Data sizes:     COMMON   BANK0   BANK1   BANK3   BANK2
      Params:         0       4       0       0       0
      Locals:         0       2       0       0       0
      Temps:          0       0       0       0       0
      Totals:         0       6       0       0       0
Total ram usage:        6 bytes
 Hardware stack levels used:    1
 Hardware stack levels required when called:    2
 This function calls:
		Nothing
 This function is called by:
		_scan_minutes
 This function uses a non-reentrant model


 *************** function _LCD_intgerToString *****************
 Defined at:
		line 207 in file "lcd.c"
 Parameters:    Size  Location     Type
  data            2   20[BANK0 ] int 
 Auto vars:     Size  Location     Type
  buff           16   23[BANK0 ] unsigned char [16]
 Return value:  Size  Location     Type
                  1    wreg      void 
 Registers used:
		wreg, fsr0l, fsr0h, status,2, status,0, btemp+1, pclath, cstack
 Tracked objects:
		On entry : 
		On exit  : 
		Unchanged: 
 Data sizes:     COMMON   BANK0   BANK1   BANK3   BANK2
      Params:         0       2       0       0       0
      Locals:         0      16       0       0       0
      Temps:          0       1       0       0       0
      Totals:         0      19       0       0       0
Total ram usage:       19 bytes
 Hardware stack levels used:    1
 Hardware stack levels required when called:    4
 This function calls:
		_LCD_displayString
		_itoa
 This function is called by:
		_scan_minutes
		_show_remaining_time
 This function uses a non-reentrant model


 *************** function _itoa *****************
 Defined at:
		line 12 in file "lcd.c"
 Parameters:    Size  Location     Type
  num             2    9[BANK0 ] int 
  buff            1   11[BANK0 ] PTR unsigned char 
		 -> LCD_intgerToString@buff(16), 
  b               2   12[BANK0 ] int 
 Auto vars:     Size  Location     Type
  n               2   18[BANK0 ] int 
  digits_num      2   16[BANK0 ] int 
 Return value:  Size  Location     Type
                  1    wreg      void 
 Registers used:
		wreg, fsr0l, fsr0h, status,2, status,0, pclath, cstack
 Tracked objects:
		On entry : 
		On exit  : 
		Unchanged: 
 Data sizes:     COMMON   BANK0   BANK1   BANK3   BANK2
      Params:         0       5       0       0       0
      Locals:         0       4       0       0       0
      Temps:          0       2       0       0       0
      Totals:         0      11       0       0       0
Total ram usage:       11 bytes
 Hardware stack levels used:    1
 Hardware stack levels required when called:    3
 This function calls:
		___awdiv
		___awmod
 This function is called by:
		_LCD_intgerToString
 This function uses a non-reentrant model


 *************** function ___awmod *****************
 Defined at:
		line 5 in file "C:\Program Files (x86)\Microchip\xc8\v2.10\pic\sources\c90\common\awmod.c"
 Parameters:    Size  Location     Type
  divisor         2    0[BANK0 ] int 
  dividend        2    2[BANK0 ] int 
 Auto vars:     Size  Location     Type
  sign            1    6[BANK0 ] unsigned char 
  counter         1    5[BANK0 ] unsigned char 
 Return value:  Size  Location     Type
                  2    0[BANK0 ] int 
 Registers used:
		wreg, status,2, status,0
 Tracked objects:
		On entry : 
		On exit  : 
		Unchanged: 
 Data sizes:     COMMON   BANK0   BANK1   BANK3   BANK2
      Params:         0       4       0       0       0
      Locals:         0       2       0       0       0
      Temps:          0       1       0       0       0
      Totals:         0       7       0       0       0
Total ram usage:        7 bytes
 Hardware stack levels used:    1
 Hardware stack levels required when called:    2
 This function calls:
		Nothing
 This function is called by:
		_itoa
 This function uses a non-reentrant model


 *************** function ___awdiv *****************
 Defined at:
		line 5 in file "C:\Program Files (x86)\Microchip\xc8\v2.10\pic\sources\c90\common\awdiv.c"
 Parameters:    Size  Location     Type
  divisor         2    0[BANK0 ] int 
  dividend        2    2[BANK0 ] int 
 Auto vars:     Size  Location     Type
  quotient        2    7[BANK0 ] int 
  sign            1    6[BANK0 ] unsigned char 
  counter         1    5[BANK0 ] unsigned char 
 Return value:  Size  Location     Type
                  2    0[BANK0 ] int 
 Registers used:
		wreg, status,2, status,0
 Tracked objects:
		On entry : 
		On exit  : 
		Unchanged: 
 Data sizes:     COMMON   BANK0   BANK1   BANK3   BANK2
      Params:         0       4       0       0       0
      Locals:         0       4       0       0       0
      Temps:          0       1       0       0       0
      Totals:         0       9       0       0       0
Total ram usage:        9 bytes
 Hardware stack levels used:    1
 Hardware stack levels required when called:    2
 This function calls:
		Nothing
 This function is called by:
		_itoa
 This function uses a non-reentrant model


 *************** function _LCD_clear_screen *****************
 Defined at:
		line 202 in file "lcd.c"
 Parameters:    Size  Location     Type
		None
 Auto vars:     Size  Location     Type
		None
 Return value:  Size  Location     Type
                  1    wreg      void 
 Registers used:
		wreg, status,2, status,0, pclath, cstack
 Tracked objects:
		On entry : 
		On exit  : 
		Unchanged: 
 Data sizes:     COMMON   BANK0   BANK1   BANK3   BANK2
      Params:         0       0       0       0       0
      Locals:         0       0       0       0       0
      Temps:          0       0       0       0       0
      Totals:         0       0       0       0       0
Total ram usage:        0 bytes
 Hardware stack levels used:    1
 Hardware stack levels required when called:    3
 This function calls:
		_LCD_sendCommand
 This function is called by:
		_main
		_scan_minutes
 This function uses a non-reentrant model


 *************** function _microWave_init *****************
 Defined at:
		line 30 in file "microwave.c"
 Parameters:    Size  Location     Type
		None
 Auto vars:     Size  Location     Type
  data            2    7[BANK0 ] struct .
 Return value:  Size  Location     Type
                  1    wreg      void 
 Registers used:
		wreg, fsr0l, fsr0h, status,2, status,0, pclath, cstack
 Tracked objects:
		On entry : 
		On exit  : 
		Unchanged: 
 Data sizes:     COMMON   BANK0   BANK1   BANK3   BANK2
      Params:         0       0       0       0       0
      Locals:         0       2       0       0       0
      Temps:          0       1       0       0       0
      Totals:         0       3       0       0       0
Total ram usage:        3 bytes
 Hardware stack levels used:    1
 Hardware stack levels required when called:    4
 This function calls:
		_LCD_init
		_TIMER0_Call_Back
		_TIMER0_init
		_keypad_init
		_set_T0DR
 This function is called by:
		_main
 This function uses a non-reentrant model


 *************** function _set_T0DR *****************
 Defined at:
		line 20 in file "timer0.c"
 Parameters:    Size  Location     Type
  val             1    wreg     unsigned char 
 Auto vars:     Size  Location     Type
  val             1    1[BANK0 ] unsigned char 
 Return value:  Size  Location     Type
                  1    wreg      void 
 Registers used:
		wreg
 Tracked objects:
		On entry : 
		On exit  : 
		Unchanged: 
 Data sizes:     COMMON   BANK0   BANK1   BANK3   BANK2
      Params:         0       0       0       0       0
      Locals:         0       1       0       0       0
      Temps:          0       1       0       0       0
      Totals:         0       2       0       0       0
Total ram usage:        2 bytes
 Hardware stack levels used:    1
 Hardware stack levels required when called:    2
 This function calls:
		Nothing
 This function is called by:
		_microWave_init
		_start_calc_time
 This function uses a non-reentrant model


 *************** function _keypad_init *****************
 Defined at:
		line 12 in file "keypad.c"
 Parameters:    Size  Location     Type
		None
 Auto vars:     Size  Location     Type
		None
 Return value:  Size  Location     Type
                  1    wreg      void 
 Registers used:
		wreg, status,2, status,0
 Tracked objects:
		On entry : 
		On exit  : 
		Unchanged: 
 Data sizes:     COMMON   BANK0   BANK1   BANK3   BANK2
      Params:         0       0       0       0       0
      Locals:         0       0       0       0       0
      Temps:          0       1       0       0       0
      Totals:         0       1       0       0       0
Total ram usage:        1 bytes
 Hardware stack levels used:    1
 Hardware stack levels required when called:    2
 This function calls:
		Nothing
 This function is called by:
		_microWave_init
 This function uses a non-reentrant model


 *************** function _TIMER0_init *****************
 Defined at:
		line 4 in file "timer0.c"
 Parameters:    Size  Location     Type
  data            1    wreg     PTR struct .
		 -> microWave_init@data(2), 
 Auto vars:     Size  Location     Type
  data            1    2[BANK0 ] PTR struct .
		 -> microWave_init@data(2), 
 Return value:  Size  Location     Type
                  1    wreg      void 
 Registers used:
		wreg, fsr0l, fsr0h, status,2, status,0
 Tracked objects:
		On entry : 
		On exit  : 
		Unchanged: 
 Data sizes:     COMMON   BANK0   BANK1   BANK3   BANK2
      Params:         0       0       0       0       0
      Locals:         0       1       0       0       0
      Temps:          0       2       0       0       0
      Totals:         0       3       0       0       0
Total ram usage:        3 bytes
 Hardware stack levels used:    1
 Hardware stack levels required when called:    2
 This function calls:
		Nothing
 This function is called by:
		_microWave_init
 This function uses a non-reentrant model


 *************** function _TIMER0_Call_Back *****************
 Defined at:
		line 17 in file "interrupt.c"
 Parameters:    Size  Location     Type
  ptr             1    wreg     PTR FTN()void 
		 -> Call_Back_OVFI(1), 
 Auto vars:     Size  Location     Type
  ptr             1    1[BANK0 ] PTR FTN()void 
		 -> Call_Back_OVFI(1), 
 Return value:  Size  Location     Type
                  1    wreg      void 
 Registers used:
		wreg
 Tracked objects:
		On entry : 
		On exit  : 
		Unchanged: 
 Data sizes:     COMMON   BANK0   BANK1   BANK3   BANK2
      Params:         0       0       0       0       0
      Locals:         0       1       0       0       0
      Temps:          0       1       0       0       0
      Totals:         0       2       0       0       0
Total ram usage:        2 bytes
 Hardware stack levels used:    1
 Hardware stack levels required when called:    2
 This function calls:
		Nothing
 This function is called by:
		_microWave_init
 This function uses a non-reentrant model


 *************** function _heat_on *****************
 Defined at:
		line 305 in file "microwave.c"
 Parameters:    Size  Location     Type
		None
 Auto vars:     Size  Location     Type
		None
 Return value:  Size  Location     Type
                  1    wreg      void 
 Registers used:
		wreg, fsr0l, fsr0h, status,2, status,0, btemp+1, pclath, cstack
 Tracked objects:
		On entry : 
		On exit  : 
		Unchanged: 
 Data sizes:     COMMON   BANK0   BANK1   BANK3   BANK2
      Params:         0       0       0       0       0
      Locals:         0       0       0       0       0
      Temps:          0       0       0       0       0
      Totals:         0       0       0       0       0
Total ram usage:        0 bytes
 Hardware stack levels used:    1
 Hardware stack levels required when called:    4
 This function calls:
		_LCD_displayString
		_LCD_goToRowColum
		_LCD_init
 This function is called by:
		_main
 This function uses a non-reentrant model


 *************** function _heat_off *****************
 Defined at:
		line 317 in file "microwave.c"
 Parameters:    Size  Location     Type
		None
 Auto vars:     Size  Location     Type
		None
 Return value:  Size  Location     Type
                  1    wreg      void 
 Registers used:
		wreg, status,2, status,0
 Tracked objects:
		On entry : 
		On exit  : 
		Unchanged: 
 Data sizes:     COMMON   BANK0   BANK1   BANK3   BANK2
      Params:         0       0       0       0       0
      Locals:         0       0       0       0       0
      Temps:          0       1       0       0       0
      Totals:         0       1       0       0       0
Total ram usage:        1 bytes
 Hardware stack levels used:    1
 Hardware stack levels required when called:    2
 This function calls:
		Nothing
 This function is called by:
		_main
 This function uses a non-reentrant model


 *************** function _foodOutMicro *****************
 Defined at:
		line 288 in file "microwave.c"
 Parameters:    Size  Location     Type
		None
 Auto vars:     Size  Location     Type
		None
 Return value:  Size  Location     Type
                  1    wreg      unsigned char 
 Registers used:
		wreg, fsr0l, fsr0h, status,2, status,0, btemp+1, pclath, cstack
 Tracked objects:
		On entry : 
		On exit  : 
		Unchanged: 
 Data sizes:     COMMON   BANK0   BANK1   BANK3   BANK2
      Params:         0       0       0       0       0
      Locals:         0       0       0       0       0
      Temps:          0       1       0       0       0
      Totals:         0       1       0       0       0
Total ram usage:        1 bytes
 Hardware stack levels used:    1
 Hardware stack levels required when called:    4
 This function calls:
		_LCD_displayString
		_LCD_goToRowColum
		_LCD_init
 This function is called by:
		_main
 This function uses a non-reentrant model


 *************** function _foodIsInMicro *****************
 Defined at:
		line 271 in file "microwave.c"
 Parameters:    Size  Location     Type
		None
 Auto vars:     Size  Location     Type
		None
 Return value:  Size  Location     Type
                  1    wreg      unsigned char 
 Registers used:
		wreg, fsr0l, fsr0h, status,2, status,0, btemp+1, pclath, cstack
 Tracked objects:
		On entry : 
		On exit  : 
		Unchanged: 
 Data sizes:     COMMON   BANK0   BANK1   BANK3   BANK2
      Params:         0       0       0       0       0
      Locals:         0       0       0       0       0
      Temps:          0       1       0       0       0
      Totals:         0       1       0       0       0
Total ram usage:        1 bytes
 Hardware stack levels used:    1
 Hardware stack levels required when called:    4
 This function calls:
		_LCD_displayString
		_LCD_goToRowColum
		_LCD_init
 This function is called by:
		_main
 This function uses a non-reentrant model


 *************** function _door_is_open *****************
 Defined at:
		line 252 in file "microwave.c"
 Parameters:    Size  Location     Type
		None
 Auto vars:     Size  Location     Type
		None
 Return value:  Size  Location     Type
                  1    wreg      unsigned char 
 Registers used:
		wreg, fsr0l, fsr0h, status,2, status,0, btemp+1, pclath, cstack
 Tracked objects:
		On entry : 
		On exit  : 
		Unchanged: 
 Data sizes:     COMMON   BANK0   BANK1   BANK3   BANK2
      Params:         0       0       0       0       0
      Locals:         0       0       0       0       0
      Temps:          0       1       0       0       0
      Totals:         0       1       0       0       0
Total ram usage:        1 bytes
 Hardware stack levels used:    1
 Hardware stack levels required when called:    4
 This function calls:
		_LCD_displayString
		_LCD_goToRowColum
		_LCD_init
 This function is called by:
		_main
 This function uses a non-reentrant model


 *************** function _door_is_close *****************
 Defined at:
		line 189 in file "microwave.c"
 Parameters:    Size  Location     Type
		None
 Auto vars:     Size  Location     Type
		None
 Return value:  Size  Location     Type
                  1    wreg      unsigned char 
 Registers used:
		wreg, fsr0l, fsr0h, status,2, status,0, btemp+1, pclath, cstack
 Tracked objects:
		On entry : 
		On exit  : 
		Unchanged: 
 Data sizes:     COMMON   BANK0   BANK1   BANK3   BANK2
      Params:         0       0       0       0       0
      Locals:         0       0       0       0       0
      Temps:          0       1       0       0       0
      Totals:         0       1       0       0       0
Total ram usage:        1 bytes
 Hardware stack levels used:    1
 Hardware stack levels required when called:    4
 This function calls:
		_LCD_displayString
		_LCD_goToRowColum
		_LCD_init
 This function is called by:
		_main
 This function uses a non-reentrant model


 *************** function _LCD_init *****************
 Defined at:
		line 40 in file "lcd.c"
 Parameters:    Size  Location     Type
		None
 Auto vars:     Size  Location     Type
		None
 Return value:  Size  Location     Type
                  1    wreg      void 
 Registers used:
		wreg, status,2, status,0, pclath, cstack
 Tracked objects:
		On entry : 
		On exit  : 
		Unchanged: 
 Data sizes:     COMMON   BANK0   BANK1   BANK3   BANK2
      Params:         0       0       0       0       0
      Locals:         0       0       0       0       0
      Temps:          0       1       0       0       0
      Totals:         0       1       0       0       0
Total ram usage:        1 bytes
 Hardware stack levels used:    1
 Hardware stack levels required when called:    3
 This function calls:
		_LCD_sendCommand
 This function is called by:
		_microWave_init
		_scan_minutes
		_door_is_close
		_show_remaining_time
		_door_is_open
		_foodIsInMicro
		_foodOutMicro
		_heat_on
 This function uses a non-reentrant model


 *************** function _LCD_displayStringOnRowColum *****************
 Defined at:
		line 194 in file "lcd.c"
 Parameters:    Size  Location     Type
  row             1    wreg     unsigned char 
  colum           1   10[BANK0 ] unsigned char 
  str             1   11[BANK0 ] PTR const unsigned char 
		 -> STR_4(16), STR_3(22), STR_2(18), STR_1(12), 
 Auto vars:     Size  Location     Type
  row             1   13[BANK0 ] unsigned char 
 Return value:  Size  Location     Type
                  1    wreg      void 
 Registers used:
		wreg, fsr0l, fsr0h, status,2, status,0, btemp+1, pclath, cstack
 Tracked objects:
		On entry : 
		On exit  : 
		Unchanged: 
 Data sizes:     COMMON   BANK0   BANK1   BANK3   BANK2
      Params:         0       2       0       0       0
      Locals:         0       1       0       0       0
      Temps:          0       1       0       0       0
      Totals:         0       4       0       0       0
Total ram usage:        4 bytes
 Hardware stack levels used:    1
 Hardware stack levels required when called:    4
 This function calls:
		_LCD_displayString
		_LCD_goToRowColum
 This function is called by:
		_main
 This function uses a non-reentrant model


 *************** function _LCD_goToRowColum *****************
 Defined at:
		line 175 in file "lcd.c"
 Parameters:    Size  Location     Type
  row             1    wreg     unsigned char 
  colum           1    5[BANK0 ] unsigned char 
 Auto vars:     Size  Location     Type
  row             1    8[BANK0 ] unsigned char 
  Address         1    9[BANK0 ] unsigned char 
 Return value:  Size  Location     Type
                  1    wreg      void 
 Registers used:
		wreg, fsr0l, fsr0h, status,2, status,0, pclath, cstack
 Tracked objects:
		On entry : 
		On exit  : 
		Unchanged: 
 Data sizes:     COMMON   BANK0   BANK1   BANK3   BANK2
      Params:         0       1       0       0       0
      Locals:         0       2       0       0       0
      Temps:          0       2       0       0       0
      Totals:         0       5       0       0       0
Total ram usage:        5 bytes
 Hardware stack levels used:    1
 Hardware stack levels required when called:    3
 This function calls:
		_LCD_sendCommand
 This function is called by:
		_LCD_displayStringOnRowColum
		_scan_minutes
		_door_is_close
		_show_remaining_time
		_door_is_open
		_foodIsInMicro
		_foodOutMicro
		_heat_on
 This function uses a non-reentrant model


 *************** function _LCD_sendCommand *****************
 Defined at:
		line 68 in file "lcd.c"
 Parameters:    Size  Location     Type
  commond         1    wreg     unsigned char 
 Auto vars:     Size  Location     Type
  commond         1    4[BANK0 ] unsigned char 
 Return value:  Size  Location     Type
                  1    wreg      void 
 Registers used:
		wreg, status,2, status,0
 Tracked objects:
		On entry : 
		On exit  : 
		Unchanged: 
 Data sizes:     COMMON   BANK0   BANK1   BANK3   BANK2
      Params:         0       0       0       0       0
      Locals:         0       1       0       0       0
      Temps:          0       4       0       0       0
      Totals:         0       5       0       0       0
Total ram usage:        5 bytes
 Hardware stack levels used:    1
 Hardware stack levels required when called:    2
 This function calls:
		Nothing
 This function is called by:
		_LCD_init
		_LCD_goToRowColum
		_LCD_clear_screen
 This function uses a non-reentrant model


 *************** function _LCD_displayString *****************
 Defined at:
		line 161 in file "lcd.c"
 Parameters:    Size  Location     Type
  str             2    5[BANK0 ] PTR const unsigned char 
		 -> STR_17(17), STR_16(20), STR_15(14), STR_14(25), 
		 -> STR_13(15), STR_12(21), STR_11(14), STR_10(22), 
		 -> STR_9(15), STR_8(21), STR_7(6), STR_6(18), 
		 -> STR_5(6), LCD_intgerToString@buff(16), STR_4(16), STR_3(22), 
		 -> STR_2(18), STR_1(12), 
 Auto vars:     Size  Location     Type
  i               1    8[BANK0 ] unsigned char 
 Return value:  Size  Location     Type
                  1    wreg      void 
 Registers used:
		wreg, fsr0l, fsr0h, status,2, status,0, btemp+1, pclath, cstack
 Tracked objects:
		On entry : 
		On exit  : 
		Unchanged: 
 Data sizes:     COMMON   BANK0   BANK1   BANK3   BANK2
      Params:         0       2       0       0       0
      Locals:         0       1       0       0       0
      Temps:          0       1       0       0       0
      Totals:         0       4       0       0       0
Total ram usage:        4 bytes
 Hardware stack levels used:    1
 Hardware stack levels required when called:    3
 This function calls:
		_LCD_displayCharacter
 This function is called by:
		_LCD_displayStringOnRowColum
		_LCD_intgerToString
		_scan_minutes
		_door_is_close
		_door_is_open
		_foodIsInMicro
		_foodOutMicro
		_heat_on
 This function uses a non-reentrant model


 *************** function _LCD_displayCharacter *****************
 Defined at:
		line 104 in file "lcd.c"
 Parameters:    Size  Location     Type
  ch              1    wreg     unsigned char 
 Auto vars:     Size  Location     Type
  ch              1    4[BANK0 ] unsigned char 
 Return value:  Size  Location     Type
                  1    wreg      void 
 Registers used:
		wreg, status,2, status,0
 Tracked objects:
		On entry : 
		On exit  : 
		Unchanged: 
 Data sizes:     COMMON   BANK0   BANK1   BANK3   BANK2
      Params:         0       0       0       0       0
      Locals:         0       1       0       0       0
      Temps:          0       4       0       0       0
      Totals:         0       5       0       0       0
Total ram usage:        5 bytes
 Hardware stack levels used:    1
 Hardware stack levels required when called:    2
 This function calls:
		Nothing
 This function is called by:
		_LCD_displayString
		_show_remaining_time
 This function uses a non-reentrant model


 *************** function _FAN_ON *****************
 Defined at:
		line 322 in file "microwave.c"
 Parameters:    Size  Location     Type
		None
 Auto vars:     Size  Location     Type
		None
 Return value:  Size  Location     Type
                  1    wreg      void 
 Registers used:
		None
 Tracked objects:
		On entry : 
		On exit  : 
		Unchanged: 
 Data sizes:     COMMON   BANK0   BANK1   BANK3   BANK2
      Params:         0       0       0       0       0
      Locals:         0       0       0       0       0
      Temps:          0       0       0       0       0
      Totals:         0       0       0       0       0
Total ram usage:        0 bytes
 Hardware stack levels used:    1
 Hardware stack levels required when called:    2
 This function calls:
		Nothing
 This function is called by:
		_main
 This function uses a non-reentrant model


 *************** function _FAN_OFF *****************
 Defined at:
		line 328 in file "microwave.c"
 Parameters:    Size  Location     Type
		None
 Auto vars:     Size  Location     Type
		None
 Return value:  Size  Location     Type
                  1    wreg      void 
 Registers used:
		wreg, status,2, status,0
 Tracked objects:
		On entry : 
		On exit  : 
		Unchanged: 
 Data sizes:     COMMON   BANK0   BANK1   BANK3   BANK2
      Params:         0       0       0       0       0
      Locals:         0       0       0       0       0
      Temps:          0       1       0       0       0
      Totals:         0       1       0       0       0
Total ram usage:        1 bytes
 Hardware stack levels used:    1
 Hardware stack levels required when called:    2
 This function calls:
		Nothing
 This function is called by:
		_main
 This function uses a non-reentrant model


 *************** function _ISR *****************
 Defined at:
		line 37 in file "interrupt.c"
 Parameters:    Size  Location     Type
		None
 Auto vars:     Size  Location     Type
		None
 Return value:  Size  Location     Type
                  1    wreg      void 
 Registers used:
		wreg, status,2, status,0, pclath, cstack
 Tracked objects:
		On entry : 
		On exit  : 
		Unchanged: 
 Data sizes:     COMMON   BANK0   BANK1   BANK3   BANK2
      Params:         0       0       0       0       0
      Locals:         0       0       0       0       0
      Temps:          4       0       0       0       0
      Totals:         4       0       0       0       0
Total ram usage:        4 bytes
 Hardware stack levels used:    1
 Hardware stack levels required when called:    1
 This function calls:
		Absolute function
		_Call_Back_OVFI
 This function is called by:
		Interrupt level 1
 This function uses a non-reentrant model


 *************** function _Call_Back_OVFI *****************
 Defined at:
		line 11 in file "microwave.c"
 Parameters:    Size  Location     Type
		None
 Auto vars:     Size  Location     Type
		None
 Return value:  Size  Location     Type
                  1    wreg      void 
 Registers used:
		wreg, status,2, status,0
 Tracked objects:
		On entry : 
		On exit  : 
		Unchanged: 
 Data sizes:     COMMON   BANK0   BANK1   BANK3   BANK2
      Params:         0       0       0       0       0
      Locals:         0       0       0       0       0
      Temps:          1       0       0       0       0
      Totals:         1       0       0       0       0
Total ram usage:        1 bytes
 Hardware stack levels used:    1
 This function calls:
		Nothing
 This function is called by:
		_microWave_init
		_ISR
 This function uses a non-reentrant model



MODULE INFORMATION

Module		Function		Class		Link	Load	Size
C:\Program Files (x86)\Microchip\xc8\v2.10\pic\sources\c90\common\awdiv.c
		___awdiv       		CODE           	0E73	0000	106

C:\Program Files (x86)\Microchip\xc8\v2.10\pic\sources\c90\common\awdiv.c estimated size: 106

keypad.c
		_keypad_init   		CODE           	0D74	0000	74
		_key_pressed   		CODE           	003E	0000	649

keypad.c estimated size: 723

C:\Program Files (x86)\Microchip\xc8\v2.10\pic\sources\c90\common\Umul16.c
		___wmul        		CODE           	0BAE	0000	40

C:\Program Files (x86)\Microchip\xc8\v2.10\pic\sources\c90\common\Umul16.c estimated size: 40

timer0.c
		_set_T0DR      		CODE           	06F8	0000	9
		_TIMER0_init   		CODE           	0D2D	0000	72

timer0.c estimated size: 81

interrupt.c
		_global_INT_enable		CODE           	0AC9	0000	3
		_ISR           		CODE           	0C02	0000	57
		_global_INT_disable		CODE           	0AF3	0000	8
		_TIMER0_Call_Back		CODE           	0AFA	0000	9

interrupt.c estimated size: 77

shared
		__stringtab    		STRING         	0700	0000	17
		__i1fptable    		ENTRY          	0035	0000	10
		_keypad        		STRING         	0710	0000	13
		__initialization		CODE           	0013	0000	30

shared estimated size: 70

C:\Program Files (x86)\Microchip\xc8\v2.10\pic\sources\c90\common\awmod.c
		___awmod       		CODE           	0E18	0000	92

C:\Program Files (x86)\Microchip\xc8\v2.10\pic\sources\c90\common\awmod.c estimated size: 92

microwave.c
		_start_calc_time		CODE           	0B1E	0000	19
		_FAN_ON        		CODE           	0ACD	0000	5
		_stop          		CODE           	0B10	0000	15
		_heat_off      		CODE           	0ADE	0000	8
		_scan_minutes  		CODE           	041D	0000	230
		_foodIsInMicro 		CODE           	0CB3	0000	62
		_stop_cal_time 		CODE           	0AD1	0000	7
		_show_remaining_time		CODE           	0F66	0000	155
		_FAN_OFF       		CODE           	0AD7	0000	8
		_microWave_init		CODE           	0DBD	0000	92
		_foodOutMicro  		CODE           	0CF0	0000	62
		_heat_on       		CODE           	06C9	0000	48
		_start         		CODE           	0B02	0000	15
		_start_LED_ON  		CODE           	07FB	0000	5
		_door_is_open  		CODE           	0C3A	0000	61
		_Call_Back_OVFI		CODE           	0B61	0000	39
		_start_LED_OFF 		CODE           	0AEC	0000	8
		_door_is_close 		CODE           	0C76	0000	62

microwave.c estimated size: 901

lcd.c
		_LCD_displayString		CODE           	0BD5	0000	46
		_LCD_sendCommand		CODE           	0502	0000	230
		_LCD_clear_screen		CODE           	0AE5	0000	8
		_LCD_goToRowColum		CODE           	0B87	0000	40
		_LCD_init      		CODE           	0B30	0000	23
		_LCD_displayCharacter		CODE           	05E7	0000	227
		_LCD_intgerToString		CODE           	07DC	0000	32
		_LCD_displayStringOnRowColum		CODE           	0B46	0000	28
		_itoa          		CODE           	0EDC	0000	139

lcd.c estimated size: 773

main.c
		_main          		CODE           	02C6	0000	344

main.c estimated size: 344

